test_ambiguous_or_invalid_config_blocks_without_printing_values (test_migration.MigrationTests.test_ambiguous_or_invalid_config_blocks_without_printing_values) ... ok
test_boolean_manifest_version_is_not_an_integer_version (test_migration.MigrationTests.test_boolean_manifest_version_is_not_an_integer_version) ... ok
test_config_preserves_model_provider_profiles_auth_mcp_and_unknown_values (test_migration.MigrationTests.test_config_preserves_model_provider_profiles_auth_mcp_and_unknown_values) ... ok
test_current_repository_sources_can_be_installed_in_fixture_only (test_migration.MigrationTests.test_current_repository_sources_can_be_installed_in_fixture_only) ... ok
test_custom_only_hooks_do_not_need_replace (test_migration.MigrationTests.test_custom_only_hooks_do_not_need_replace) ... ok
test_default_and_explicit_dry_run_are_zero_write (test_migration.MigrationTests.test_default_and_explicit_dry_run_are_zero_write) ... ok
test_every_required_source_blocks_before_any_write_when_missing (test_migration.MigrationTests.test_every_required_source_blocks_before_any_write_when_missing) ... ok
test_existing_installation_does_not_mask_missing_source_dependencies (test_migration.MigrationTests.test_existing_installation_does_not_mask_missing_source_dependencies) ... ok
test_fresh_apply_has_no_root_model_installs_all_and_is_idempotent (test_migration.MigrationTests.test_fresh_apply_has_no_root_model_installs_all_and_is_idempotent) ... ok
test_git_exclude_is_preflighted_preserved_and_no_backup_entry_added (test_migration.MigrationTests.test_git_exclude_is_preflighted_preserved_and_no_backup_entry_added) ... ok
test_git_worktree_uses_verified_common_metadata (test_migration.MigrationTests.test_git_worktree_uses_verified_common_metadata) ... ok
test_hardlinked_target_blocks (test_migration.MigrationTests.test_hardlinked_target_blocks) ... ok
test_hooks_ambiguous_commands_duplicate_keys_or_versions_block (test_migration.MigrationTests.test_hooks_ambiguous_commands_duplicate_keys_or_versions_block) ... ok
test_hooks_preserve_custom_entries_metadata_nested_and_unknown_events (test_migration.MigrationTests.test_hooks_preserve_custom_entries_metadata_nested_and_unknown_events) ... ok
test_invalid_git_exclude_blocks_all_other_writes (test_migration.MigrationTests.test_invalid_git_exclude_blocks_all_other_writes) ... ok
test_invalid_policy_source_and_policy_directory_block_with_zero_writes (test_migration.MigrationTests.test_invalid_policy_source_and_policy_directory_block_with_zero_writes) ... ok
test_invalid_utf8_and_directory_collisions_block (test_migration.MigrationTests.test_invalid_utf8_and_directory_collisions_block) ... ok
test_known_addendum_preserves_entire_directory_tail (test_migration.MigrationTests.test_known_addendum_preserves_entire_directory_tail) ... ok
test_known_v21_prefix_preserves_conventions_and_tail_after_block (test_migration.MigrationTests.test_known_v21_prefix_preserves_conventions_and_tail_after_block) ... ok
test_malformed_and_duplicate_markers_block (test_migration.MigrationTests.test_malformed_and_duplicate_markers_block) ... ok
test_managed_markers_preserve_both_convention_sides_and_utf8 (test_migration.MigrationTests.test_managed_markers_preserve_both_convention_sides_and_utf8) ... ok
test_manifest_allows_upgrade_but_blocks_locally_modified_owned_file (test_migration.MigrationTests.test_manifest_allows_upgrade_but_blocks_locally_modified_owned_file) ... ok
test_missing_managed_config_fields_are_added_without_replace (test_migration.MigrationTests.test_missing_managed_config_fields_are_added_without_replace) ... ok
test_only_install_closure_is_copied_and_unknown_content_is_preserved (test_migration.MigrationTests.test_only_install_closure_is_copied_and_unknown_content_is_preserved) ... ok
test_owned_legacy_policy_requires_switch_and_overwrites_without_backup (test_migration.MigrationTests.test_owned_legacy_policy_requires_switch_and_overwrites_without_backup) ... ok
test_policy_upgrade_requires_permission_preserves_custom_edits_and_is_idempotent (test_migration.MigrationTests.test_policy_upgrade_requires_permission_preserves_custom_edits_and_is_idempotent) ... ok
test_reparse_or_symlink_destination_never_writes_sibling (test_migration.MigrationTests.test_reparse_or_symlink_destination_never_writes_sibling) ... ok
test_same_name_project_policy_blocks_without_overwriting_with_or_without_switch (test_migration.MigrationTests.test_same_name_project_policy_blocks_without_overwriting_with_or_without_switch) ... ok
test_source_role_registrations_merge_only_known_fields (test_migration.MigrationTests.test_source_role_registrations_merge_only_known_fields) ... ok
test_unknown_manifest_path_cannot_authorize_history_cleanup (test_migration.MigrationTests.test_unknown_manifest_path_cannot_authorize_history_cleanup) ... ok
test_unknown_multiline_arrays_and_quoted_tables_are_preserved (test_migration.MigrationTests.test_unknown_multiline_arrays_and_quoted_tables_are_preserved) ... ok
test_unknown_runtime_collision_blocks_even_with_all_switches (test_migration.MigrationTests.test_unknown_runtime_collision_blocks_even_with_all_switches) ... ok
test_unrecognized_legacy_heading_never_discards_project_rules (test_migration.MigrationTests.test_unrecognized_legacy_heading_never_discards_project_rules) ... ok
test_upgrade_backfills_missing_policies_and_runtime_without_backups (test_migration.MigrationTests.test_upgrade_backfills_missing_policies_and_runtime_without_backups) ... ok

----------------------------------------------------------------------
Ran 34 tests in 216.329s

OK
